// Vitest Snapshot v1, https://vitest.dev/guide/snapshot.html

exports[`Login Page > should render register page and contain form 1`] = `
{
  "asFragment": [Function],
  "baseElement": <body>
    <div>
      <div
        class="flex min-h-screen items-center justify-center bg-gray-100 bg-gradient-to-br dark:from-gray-900 dark:to-gray-800"
      >
        <div
          class="w-full max-w-md rounded-xl bg-white p-8 shadow-lg"
        >
          <h2
            class="mb-6 text-center text-2xl font-bold text-gray-900 md:text-3xl"
          >
            Sign Up
          </h2>
          <form
            class="space-y-4"
            role="form"
          >
            <div
              class="mb-10 flex flex-col gap-2.5"
            >
              <label
                class="ml-2.5"
                for="email"
              >
                Email
              </label>
              <input
                class="h-15 rounded-lg border-[0.6px] border-[#d0d5dd] px-7 py-5 placeholder:text-sm focus:ring-2 focus:ring-blue-500 focus:outline-none"
                maxlength="40"
                placeholder="Enter your email"
                type="email"
              />
              <p
                class="text-red-500"
              >
                Invalid email
              </p>
            </div>
            <div
              class="mb-10 flex flex-col gap-2.5"
            >
              <label
                class="ml-2.5"
                for="password"
              >
                Password
              </label>
              <input
                class="h-15 rounded-lg border-[0.6px] border-[#d0d5dd] px-7 py-5 placeholder:text-sm focus:ring-2 focus:ring-blue-500 focus:outline-none"
                maxlength="25"
                placeholder="Enter your password"
                type="password"
              />
              <p
                class="mt-1 text-sm text-red-500"
              >
                Password too short
              </p>
            </div>
            <div
              class="mb-10 flex flex-col gap-2.5"
            >
              <label
                class="ml-2.5"
                for="confirmPassword"
              >
                Confirm Password
              </label>
              <input
                class="h-15 rounded-lg border-[0.6px] border-[#d0d5dd] px-7 py-5 placeholder:text-sm focus:ring-2 focus:ring-blue-500 focus:outline-none"
                placeholder="Confirm your password"
                type="password"
              />
            </div>
            <button
              class="w-full cursor-pointer rounded-lg bg-blue-600 p-3 text-white transition hover:bg-blue-700 disabled:opacity-50"
              type="submit"
            >
              Sign Up
            </button>
          </form>
          <p
            class="mt-4 text-center text-sm text-gray-600"
          >
            Already have an account?
             
            <button
              class="cursor-pointer text-blue-600 hover:underline"
            >
              Sign In
            </button>
          </p>
          <section
            aria-atomic="false"
            aria-label="Notifications Alt+T"
            aria-live="polite"
            aria-relevant="additions text"
            class="Toastify"
          />
        </div>
      </div>
    </div>
  </body>,
  "container": <div>
    <div
      class="flex min-h-screen items-center justify-center bg-gray-100 bg-gradient-to-br dark:from-gray-900 dark:to-gray-800"
    >
      <div
        class="w-full max-w-md rounded-xl bg-white p-8 shadow-lg"
      >
        <h2
          class="mb-6 text-center text-2xl font-bold text-gray-900 md:text-3xl"
        >
          Sign Up
        </h2>
        <form
          class="space-y-4"
          role="form"
        >
          <div
            class="mb-10 flex flex-col gap-2.5"
          >
            <label
              class="ml-2.5"
              for="email"
            >
              Email
            </label>
            <input
              class="h-15 rounded-lg border-[0.6px] border-[#d0d5dd] px-7 py-5 placeholder:text-sm focus:ring-2 focus:ring-blue-500 focus:outline-none"
              maxlength="40"
              placeholder="Enter your email"
              type="email"
            />
            <p
              class="text-red-500"
            >
              Invalid email
            </p>
          </div>
          <div
            class="mb-10 flex flex-col gap-2.5"
          >
            <label
              class="ml-2.5"
              for="password"
            >
              Password
            </label>
            <input
              class="h-15 rounded-lg border-[0.6px] border-[#d0d5dd] px-7 py-5 placeholder:text-sm focus:ring-2 focus:ring-blue-500 focus:outline-none"
              maxlength="25"
              placeholder="Enter your password"
              type="password"
            />
            <p
              class="mt-1 text-sm text-red-500"
            >
              Password too short
            </p>
          </div>
          <div
            class="mb-10 flex flex-col gap-2.5"
          >
            <label
              class="ml-2.5"
              for="confirmPassword"
            >
              Confirm Password
            </label>
            <input
              class="h-15 rounded-lg border-[0.6px] border-[#d0d5dd] px-7 py-5 placeholder:text-sm focus:ring-2 focus:ring-blue-500 focus:outline-none"
              placeholder="Confirm your password"
              type="password"
            />
          </div>
          <button
            class="w-full cursor-pointer rounded-lg bg-blue-600 p-3 text-white transition hover:bg-blue-700 disabled:opacity-50"
            type="submit"
          >
            Sign Up
          </button>
        </form>
        <p
          class="mt-4 text-center text-sm text-gray-600"
        >
          Already have an account?
           
          <button
            class="cursor-pointer text-blue-600 hover:underline"
          >
            Sign In
          </button>
        </p>
        <section
          aria-atomic="false"
          aria-label="Notifications Alt+T"
          aria-live="polite"
          aria-relevant="additions text"
          class="Toastify"
        />
      </div>
    </div>
  </div>,
  "debug": [Function],
  "findAllByAltText": [Function],
  "findAllByDisplayValue": [Function],
  "findAllByLabelText": [Function],
  "findAllByPlaceholderText": [Function],
  "findAllByRole": [Function],
  "findAllByTestId": [Function],
  "findAllByText": [Function],
  "findAllByTitle": [Function],
  "findByAltText": [Function],
  "findByDisplayValue": [Function],
  "findByLabelText": [Function],
  "findByPlaceholderText": [Function],
  "findByRole": [Function],
  "findByTestId": [Function],
  "findByText": [Function],
  "findByTitle": [Function],
  "getAllByAltText": [Function],
  "getAllByDisplayValue": [Function],
  "getAllByLabelText": [Function],
  "getAllByPlaceholderText": [Function],
  "getAllByRole": [Function],
  "getAllByTestId": [Function],
  "getAllByText": [Function],
  "getAllByTitle": [Function],
  "getByAltText": [Function],
  "getByDisplayValue": [Function],
  "getByLabelText": [Function],
  "getByPlaceholderText": [Function],
  "getByRole": [Function],
  "getByTestId": [Function],
  "getByText": [Function],
  "getByTitle": [Function],
  "queryAllByAltText": [Function],
  "queryAllByDisplayValue": [Function],
  "queryAllByLabelText": [Function],
  "queryAllByPlaceholderText": [Function],
  "queryAllByRole": [Function],
  "queryAllByTestId": [Function],
  "queryAllByText": [Function],
  "queryAllByTitle": [Function],
  "queryByAltText": [Function],
  "queryByDisplayValue": [Function],
  "queryByLabelText": [Function],
  "queryByPlaceholderText": [Function],
  "queryByRole": [Function],
  "queryByTestId": [Function],
  "queryByText": [Function],
  "queryByTitle": [Function],
  "rerender": [Function],
  "unmount": [Function],
}
`;
