// Vitest Snapshot v1, https://vitest.dev/guide/snapshot.html

exports[`Task form component > should render task form with title and inputs 1`] = `
{
  "asFragment": [Function],
  "baseElement": <body>
    <div>
      <div
        class="shadow-card mb-6 rounded-xl bg-white p-6 dark:bg-gray-800"
      >
        <h2
          class="mb-4 text-xl font-bold text-gray-900 dark:text-gray-100"
        >
          Create Task
        </h2>
        <form
          class="space-y-4"
        >
          <div>
            <input
              class="w-full rounded-lg border border-gray-200 p-3 focus:ring-2 focus:ring-blue-600 focus:outline-none dark:border-gray-600 dark:bg-gray-700 dark:text-gray-100"
              name="title"
              placeholder="Title"
              type="text"
            />
          </div>
          <div>
            <textarea
              class="w-full rounded-lg border border-gray-200 p-3 focus:ring-2 focus:ring-blue-600 focus:outline-none dark:border-gray-600 dark:bg-gray-700 dark:text-gray-100"
              name="description"
              placeholder="Description"
            />
          </div>
          <div
            class="flex gap-4"
          >
            <button
              class="rounded-lg bg-blue-600 px-4 py-2 text-white transition hover:bg-blue-700 dark:bg-gray-700 dark:hover:bg-gray-600"
              type="submit"
            >
              Save
            </button>
            <button
              class="rounded-lg bg-gray-200 px-4 py-2 text-gray-900 transition hover:bg-gray-300 dark:bg-gray-600 dark:text-gray-100 dark:hover:bg-gray-500"
              type="button"
            >
              Cancel
            </button>
          </div>
        </form>
      </div>
    </div>
  </body>,
  "container": <div>
    <div
      class="shadow-card mb-6 rounded-xl bg-white p-6 dark:bg-gray-800"
    >
      <h2
        class="mb-4 text-xl font-bold text-gray-900 dark:text-gray-100"
      >
        Create Task
      </h2>
      <form
        class="space-y-4"
      >
        <div>
          <input
            class="w-full rounded-lg border border-gray-200 p-3 focus:ring-2 focus:ring-blue-600 focus:outline-none dark:border-gray-600 dark:bg-gray-700 dark:text-gray-100"
            name="title"
            placeholder="Title"
            type="text"
          />
        </div>
        <div>
          <textarea
            class="w-full rounded-lg border border-gray-200 p-3 focus:ring-2 focus:ring-blue-600 focus:outline-none dark:border-gray-600 dark:bg-gray-700 dark:text-gray-100"
            name="description"
            placeholder="Description"
          />
        </div>
        <div
          class="flex gap-4"
        >
          <button
            class="rounded-lg bg-blue-600 px-4 py-2 text-white transition hover:bg-blue-700 dark:bg-gray-700 dark:hover:bg-gray-600"
            type="submit"
          >
            Save
          </button>
          <button
            class="rounded-lg bg-gray-200 px-4 py-2 text-gray-900 transition hover:bg-gray-300 dark:bg-gray-600 dark:text-gray-100 dark:hover:bg-gray-500"
            type="button"
          >
            Cancel
          </button>
        </div>
      </form>
    </div>
  </div>,
  "debug": [Function],
  "findAllByAltText": [Function],
  "findAllByDisplayValue": [Function],
  "findAllByLabelText": [Function],
  "findAllByPlaceholderText": [Function],
  "findAllByRole": [Function],
  "findAllByTestId": [Function],
  "findAllByText": [Function],
  "findAllByTitle": [Function],
  "findByAltText": [Function],
  "findByDisplayValue": [Function],
  "findByLabelText": [Function],
  "findByPlaceholderText": [Function],
  "findByRole": [Function],
  "findByTestId": [Function],
  "findByText": [Function],
  "findByTitle": [Function],
  "getAllByAltText": [Function],
  "getAllByDisplayValue": [Function],
  "getAllByLabelText": [Function],
  "getAllByPlaceholderText": [Function],
  "getAllByRole": [Function],
  "getAllByTestId": [Function],
  "getAllByText": [Function],
  "getAllByTitle": [Function],
  "getByAltText": [Function],
  "getByDisplayValue": [Function],
  "getByLabelText": [Function],
  "getByPlaceholderText": [Function],
  "getByRole": [Function],
  "getByTestId": [Function],
  "getByText": [Function],
  "getByTitle": [Function],
  "queryAllByAltText": [Function],
  "queryAllByDisplayValue": [Function],
  "queryAllByLabelText": [Function],
  "queryAllByPlaceholderText": [Function],
  "queryAllByRole": [Function],
  "queryAllByTestId": [Function],
  "queryAllByText": [Function],
  "queryAllByTitle": [Function],
  "queryByAltText": [Function],
  "queryByDisplayValue": [Function],
  "queryByLabelText": [Function],
  "queryByPlaceholderText": [Function],
  "queryByRole": [Function],
  "queryByTestId": [Function],
  "queryByText": [Function],
  "queryByTitle": [Function],
  "rerender": [Function],
  "unmount": [Function],
}
`;
